[INFO] Scanning for projects...
[INFO] 
[INFO] --------------------< com.campus:activity-service >---------------------
[INFO] Building activity-service 0.1.0-SNAPSHOT
[INFO]   from pom.xml
[INFO] --------------------------------[ jar ]---------------------------------
[INFO] 
[INFO] >>> spring-boot:2.7.18:run (default-cli) > test-compile @ activity-service >>>
[INFO] 
[INFO] --- resources:3.3.1:resources (default-resources) @ activity-service ---
[WARNING] Using platform encoding (UTF-8 actually) to copy filtered resources, i.e. build is platform dependent!
[INFO] Copying 1 resource from src\main\resources to target\classes
[INFO] 
[INFO] --- compiler:3.11.0:compile (default-compile) @ activity-service ---
[INFO] Nothing to compile - all classes are up to date
[INFO] 
[INFO] --- resources:3.3.1:testResources (default-testResources) @ activity-service ---
[WARNING] Using platform encoding (UTF-8 actually) to copy filtered resources, i.e. build is platform dependent!
[INFO] skip non existing resourceDirectory D:\code\test\backend\activity-service\src\test\resources
[INFO] 
[INFO] --- compiler:3.11.0:testCompile (default-testCompile) @ activity-service ---
[INFO] No sources to compile
[INFO] 
[INFO] <<< spring-boot:2.7.18:run (default-cli) < test-compile @ activity-service <<<
[INFO] 
[INFO] 
[INFO] --- spring-boot:2.7.18:run (default-cli) @ activity-service ---
[INFO] Attaching agents: []

  .   ____          _            __ _ _
 /\\ / ___'_ __ _ _(_)_ __  __ _ \ \ \ \
( ( )\___ | '_ | '_| | '_ \/ _` | \ \ \ \
 \\/  ___)| |_)| | | | | || (_| |  ) ) ) )
  '  |____| .__|_| |_|_| |_\__, | / / / /
 =========|_|==============|___/=/_/_/_/
 :: Spring Boot ::               (v2.7.18)

2026-03-08 19:47:39.781  INFO 18880 --- [           main] c.c.activity.ActivityServiceApplication  : Starting ActivityServiceApplication using Java 21.0.5 on My-Camellia with PID 18880 (D:\code\test\backend\activity-service\target\classes started by 2022 in D:\code\test\backend\activity-service)
2026-03-08 19:47:39.783  INFO 18880 --- [           main] c.c.activity.ActivityServiceApplication  : No active profile set, falling back to 1 default profile: "default"
2026-03-08 19:47:39.784 DEBUG 18880 --- [           main] o.s.boot.SpringApplication               : Loading source class com.campus.activity.ActivityServiceApplication
2026-03-08 19:47:39.820 DEBUG 18880 --- [           main] ConfigServletWebServerApplicationContext : Refreshing org.springframework.boot.web.servlet.context.AnnotationConfigServletWebServerApplicationContext@291a7e3c
2026-03-08 19:47:40.392  INFO 18880 --- [           main] o.s.cloud.context.scope.GenericScope     : BeanFactory id=e321c9f5-b6a7-3936-b5f3-7c52a3aea5b9
