[INFO] Scanning for projects...
[INFO] 
[INFO] --------------------< com.campus:service-discovery >--------------------
[INFO] Building service-discovery 0.1.0-SNAPSHOT
[INFO]   from pom.xml
[INFO] --------------------------------[ jar ]---------------------------------
[INFO] 
[INFO] >>> spring-boot:2.7.18:run (default-cli) > test-compile @ service-discovery >>>
[INFO] 
[INFO] --- resources:3.3.1:resources (default-resources) @ service-discovery ---
[WARNING] Using platform encoding (UTF-8 actually) to copy filtered resources, i.e. build is platform dependent!
[INFO] Copying 1 resource from src\main\resources to target\classes
[INFO] 
[INFO] --- compiler:3.11.0:compile (default-compile) @ service-discovery ---
[INFO] Nothing to compile - all classes are up to date
[INFO] 
[INFO] --- resources:3.3.1:testResources (default-testResources) @ service-discovery ---
[WARNING] Using platform encoding (UTF-8 actually) to copy filtered resources, i.e. build is platform dependent!
[INFO] skip non existing resourceDirectory D:\code\test\backend\service-discovery\src\test\resources
[INFO] 
[INFO] --- compiler:3.11.0:testCompile (default-testCompile) @ service-discovery ---
[INFO] No sources to compile
[INFO] 
[INFO] <<< spring-boot:2.7.18:run (default-cli) < test-compile @ service-discovery <<<
[INFO] 
[INFO] 
[INFO] --- spring-boot:2.7.18:run (default-cli) @ service-discovery ---
[INFO] Attaching agents: []

  .   ____          _            __ _ _
 /\\ / ___'_ __ _ _(_)_ __  __ _ \ \ \ \
( ( )\___ | '_ | '_| | '_ \/ _` | \ \ \ \
 \\/  ___)| |_)| | | | | || (_| |  ) ) ) )
  '  |____| .__|_| |_|_| |_\__, | / / / /
 =========|_|==============|___/=/_/_/_/
 :: Spring Boot ::               (v2.7.18)

2026-03-08 21:10:55.326  INFO 16508 --- [           main] c.c.d.ServiceDiscoveryApplication        : Starting ServiceDiscoveryApplication using Java 21.0.5 on My-Camellia with PID 16508 (D:\code\test\backend\service-discovery\target\classes started by 2022 in D:\code\test\backend\service-discovery)
2026-03-08 21:10:55.328  INFO 16508 --- [           main] c.c.d.ServiceDiscoveryApplication        : No active profile set, falling back to 1 default profile: "default"
2026-03-08 21:10:55.330 DEBUG 16508 --- [           main] o.s.boot.SpringApplication               : Loading source class com.campus.discovery.ServiceDiscoveryApplication
2026-03-08 21:10:55.358 DEBUG 16508 --- [           main] ConfigServletWebServerApplicationContext : Refreshing org.springframework.boot.web.servlet.context.AnnotationConfigServletWebServerApplicationContext@6cc558c6
2026-03-08 21:10:55.883  INFO 16508 --- [           main] o.s.cloud.context.scope.GenericScope     : BeanFactory id=94ab9b67-7d1b-3c69-9c1e-c65fdae2ffd2
